MongooseError: The `uri` parameter to `openUri()` must be a string, got "undefined". Make sure the first parameter to `mongoose.connect()` or `mongoose.createConnection()` is a string.\nMongooseError: The `uri` parameter to `openUri()` must be a string, got "undefined". Make sure the first parameter to `mongoose.connect()` or `mongoose.createConnection()` is a string.
    at NativeConnection.createClient (D:\Projects\PVR Groups\backend\node_modules\mongoose\lib\drivers\node-mongodb-native\connection.js:237:11)
    at NativeConnection.openUri (D:\Projects\PVR Groups\backend\node_modules\mongoose\lib\connection.js:1075:34)
    at Mongoose.connect (D:\Projects\PVR Groups\backend\node_modules\mongoose\lib\mongoose.js:450:15)
    at run (D:\Projects\PVR Groups\backend\scripts\create_luxury_project.js:41:20)
    at Object.<anonymous> (D:\Projects\PVR Groups\backend\scripts\create_luxury_project.js:159:1)
    at Module._compile (node:internal/modules/cjs/loader:1761:14)
    at Object..js (node:internal/modules/cjs/loader:1893:10)
    at Module.load (node:internal/modules/cjs/loader:1481:32)
    at Module._load (node:internal/modules/cjs/loader:1300:12)
    at TracingChannel.traceSync (node:diagnostics_channel:328:14)